// Jest Snapshot v1, https://goo.gl/fbAQLP

exports[`<TagComposer /> renders tags 1`] = `
Array [
  <div
    class="mx_Tag"
  >
    tag 1
    <div
      class="mx_AccessibleButton mx_Tag_delete"
      role="button"
      tabindex="0"
    >
      <div />
    </div>
  </div>,
  <div
    class="mx_Tag"
  >
    tag 2
    <div
      class="mx_AccessibleButton mx_Tag_delete"
      role="button"
      tabindex="0"
    >
      <div />
    </div>
  </div>,
]
`;
