// Jest Snapshot v1, https://goo.gl/fbAQLP

exports[`<LoginWithQR /> no content in case of no support 1`] = `
<div>
  <div
    class="mx_LoginWithQR"
  >
    <div
      class="mx_LoginWithQR_centreTitle"
    >
      <h1>
        <div
          class="error"
        />
        Connection failed
      </h1>
    </div>
    <div
      class="mx_LoginWithQR_main"
    >
      <p>
        The homeserver doesn't support signing in another device.
      </p>
    </div>
    <div
      class="mx_LoginWithQR_buttons"
    >
      <div
        class="mx_AccessibleButton mx_AccessibleButton_hasKind mx_AccessibleButton_kind_primary"
        role="button"
        tabindex="0"
      >
        Try again
      </div>
      <div
        class="mx_AccessibleButton mx_AccessibleButton_hasKind mx_AccessibleButton_kind_primary_outline"
        role="button"
        tabindex="0"
      >
        Cancel
      </div>
    </div>
  </div>
</div>
`;

exports[`<LoginWithQR /> show device connected confirmation screen 1`] = `
<div>
  <div
    class="mx_LoginWithQR"
  >
    <div
      class=""
    >
      <div
        class="mx_AccessibleButton mx_LoginWithQR_BackButton"
        role="button"
        tabindex="0"
        title="Back"
      >
        <div />
      </div>
      <h1 />
    </div>
    <div
      class="mx_LoginWithQR_main"
    >
      <div
        class="mx_LoginWithQR_spinner"
      >
        <div>
          <div
            class="mx_Spinner"
          >
            <div
              aria-label="Loading..."
              class="mx_Spinner_icon"
              role="progressbar"
              style="width: 32px; height: 32px;"
            />
          </div>
        </div>
      </div>
    </div>
    <div
      class="mx_LoginWithQR_buttons"
    />
  </div>
</div>
`;
