// Jest Snapshot v1, https://goo.gl/fbAQLP

exports[`<RoomSummaryCard /> renders the room summary 1`] = `
<div>
  <div
    class="mx_BaseCard mx_RoomSummaryCard"
  >
    <div
      class="mx_AutoHideScrollbar"
      tabindex="-1"
    >
      <header
        class="mx_Flex mx_RoomSummaryCard_header"
        style="--mx-flex-display: flex; --mx-flex-direction: row; --mx-flex-align: center; --mx-flex-justify: between; --mx-flex-gap: var(--cpd-space-3x);"
      >
        <form
          aria-hidden="true"
          class="_root_1eiqo_23"
          style="flex: 1;"
        >
          <label
            class="_label_1eiqo_41 _field_1eiqo_32 _search_49det_17 mx_RoomSummaryCard_search"
            for=":r1:"
          >
            <svg
              class="_icon_49det_44"
              fill="none"
              height="20"
              viewBox="0 0 24 24"
              width="20"
              xmlns="http://www.w3.org/2000/svg"
            >
              <path
                d="M15.0491 16.4633C13.7873 17.4274 12.2105 18 10.5 18C6.35786 18 3 14.6421 3 10.5C3 6.35786 6.35786 3 10.5 3C14.6421 3 18 6.35786 18 10.5C18 12.2105 17.4274 13.7873 16.4633 15.0491L19.7071 18.2929C20.0976 18.6834 20.0976 19.3166 19.7071 19.7071C19.3166 20.0977 18.6834 20.0977 18.2929 19.7071L15.0491 16.4633ZM16 10.5C16 7.46243 13.5376 5 10.5 5C7.46243 5 5 7.46243 5 10.5C5 13.5376 7.46243 16 10.5 16C13.5376 16 16 13.5376 16 10.5Z"
                fill="currentColor"
              />
            </svg>
            <input
              class="_input_49det_59"
              id=":r1:"
              name="search"
              placeholder="Search"
              type="search"
            />
          </label>
        </form>
        <div
          class="mx_AccessibleButton mx_BaseCard_close"
          data-testid="base-card-close-button"
          role="button"
          tabindex="0"
          title="Close"
        />
      </header>
      <header
        class="mx_RoomSummaryCard_container"
      >
        <div
          class="mx_RoomSummaryCard_avatar"
          role="presentation"
        >
          <span
            class="_avatar_1e114_17 mx_BaseAvatar _avatar-imageless_1e114_60"
            data-color="7"
            data-testid="avatar-img"
            data-type="round"
            role="presentation"
            style="--cpd-avatar-size: 54px;"
          >
            !
          </span>
          <div
            aria-describedby="mx_TooltipTarget_vY7Q4uEh"
            class="mx_TextWithTooltip_target mx_RoomSummaryCard_e2ee"
            tabindex="0"
          />
        </div>
        <h1
          class="mx_RoomSummaryCard_roomName"
          title="!room:domain.org"
        >
          !room:domain.org
        </h1>
        <div
          class="mx_RoomSummaryCard_alias"
          title=""
        />
      </header>
      <div
        class="mx_BaseCard_Group mx_RoomSummaryCard_aboutGroup"
      >
        <h2>
          About
        </h2>
        <div
          class="mx_AccessibleButton mx_BaseCard_Button mx_RoomSummaryCard_Button mx_RoomSummaryCard_icon_people"
          role="button"
          tabindex="0"
        >
          People
          <span
            class="mx_BaseCard_Button_sublabel"
          >
            0
          </span>
        </div>
        <div
          class="mx_AccessibleButton mx_BaseCard_Button mx_RoomSummaryCard_Button mx_RoomSummaryCard_icon_files"
          role="button"
          tabindex="0"
        >
          Files
        </div>
        <div
          class="mx_AccessibleButton mx_BaseCard_Button mx_RoomSummaryCard_Button mx_RoomSummaryCard_icon_poll"
          role="button"
          tabindex="0"
        >
          Poll history
        </div>
        <div
          class="mx_AccessibleButton mx_BaseCard_Button mx_RoomSummaryCard_Button mx_RoomSummaryCard_icon_export"
          role="button"
          tabindex="0"
        >
          Export chat
        </div>
        <div
          class="mx_AccessibleButton mx_BaseCard_Button mx_RoomSummaryCard_Button mx_RoomSummaryCard_icon_share"
          data-testid="shareRoomButton"
          role="button"
          tabindex="0"
        >
          Share room
        </div>
        <div
          class="mx_AccessibleButton mx_BaseCard_Button mx_RoomSummaryCard_Button mx_RoomSummaryCard_icon_settings"
          role="button"
          tabindex="0"
        >
          Room settings
        </div>
      </div>
      <div
        class="mx_BaseCard_Group mx_RoomSummaryCard_appsGroup"
      >
        <h2>
          Widgets
        </h2>
        <div
          class="mx_AccessibleButton mx_AccessibleButton_hasKind mx_AccessibleButton_kind_link"
          role="button"
          tabindex="0"
        >
          Add widgets, bridges & bots
        </div>
      </div>
    </div>
  </div>
</div>
`;
