// Jest Snapshot v1, https://goo.gl/fbAQLP

exports[`<SpacePanel /> should allow rearranging via drag and drop 1`] = `
<DocumentFragment>
  <div
    class="mx_SpacePanel collapsed"
  >
    <div
      class="mx_UserMenu"
    >
      <div
        aria-expanded="false"
        aria-haspopup="true"
        aria-label="User menu"
        class="mx_AccessibleButton"
        role="button"
        tabindex="0"
        title="User menu"
      >
        <div
          class="mx_UserMenu_userAvatar"
        >
          <span
            class="mx_BaseAvatar mx_UserMenu_userAvatar_BaseAvatar"
            role="presentation"
          >
            <span
              aria-hidden="true"
              class="mx_BaseAvatar_initial"
              style="font-size: 20.8px; width: 32px; line-height: 32px;"
            >
              T
            </span>
            <img
              alt=""
              aria-hidden="true"
              class="mx_BaseAvatar_image"
              data-testid="avatar-img"
              loading="lazy"
              src="data:image/png;base64,00"
              style="width: 32px; height: 32px;"
            />
          </span>
        </div>
      </div>
      <div
        aria-label="Expand"
        class="mx_AccessibleButton mx_SpacePanel_toggleCollapse"
        role="button"
        tabindex="0"
      />
    </div>
    <ul
      aria-label="Spaces"
      class="mx_AutoHideScrollbar mx_SpaceTreeLevel"
      data-rbd-droppable-context-id="0"
      data-rbd-droppable-id="top-level-spaces"
      role="tree"
      tabindex="-1"
    >
      <li
        aria-selected="false"
        class="mx_SpaceItem mx_SpaceItem_narrow collapsed"
        data-rbd-draggable-context-id="0"
        data-rbd-draggable-id="!room1:server"
        role="treeitem"
      >
        <div
          aria-describedby="rbd-hidden-text-0-hidden-text-0"
          aria-label="Room 1"
          class="mx_AccessibleButton mx_SpaceButton mx_SpaceButton_narrow"
          data-rbd-drag-handle-context-id="0"
          data-rbd-drag-handle-draggable-id="!room1:server"
          draggable="false"
          role="button"
          tabindex="0"
        >
          <div
            class="mx_SpaceButton_selectionWrapper"
          >
            <div
              class="mx_SpaceButton_avatarWrapper"
            >
              <span
                class="mx_BaseAvatar"
                role="presentation"
              >
                <span
                  aria-hidden="true"
                  class="mx_BaseAvatar_initial"
                  style="font-size: 20.8px; width: 32px; line-height: 32px;"
                >
                  R
                </span>
                <img
                  alt=""
                  aria-hidden="true"
                  class="mx_BaseAvatar_image"
                  data-testid="avatar-img"
                  loading="lazy"
                  src="data:image/png;base64,00"
                  style="width: 32px; height: 32px;"
                />
              </span>
            </div>
            <div
              aria-expanded="false"
              aria-haspopup="true"
              aria-label="Space options"
              class="mx_AccessibleButton mx_SpaceButton_menuButton"
              role="button"
              tabindex="0"
            />
          </div>
        </div>
      </li>
      <li
        aria-selected="false"
        class="mx_SpaceItem mx_SpaceItem_narrow collapsed"
        data-rbd-draggable-context-id="0"
        data-rbd-draggable-id="!room2:server"
        role="treeitem"
      >
        <div
          aria-describedby="rbd-hidden-text-0-hidden-text-0"
          aria-label="Room 2"
          class="mx_AccessibleButton mx_SpaceButton mx_SpaceButton_narrow"
          data-rbd-drag-handle-context-id="0"
          data-rbd-drag-handle-draggable-id="!room2:server"
          draggable="false"
          role="button"
          tabindex="-1"
        >
          <div
            class="mx_SpaceButton_selectionWrapper"
          >
            <div
              class="mx_SpaceButton_avatarWrapper"
            >
              <span
                class="mx_BaseAvatar"
                role="presentation"
              >
                <span
                  aria-hidden="true"
                  class="mx_BaseAvatar_initial"
                  style="font-size: 20.8px; width: 32px; line-height: 32px;"
                >
                  R
                </span>
                <img
                  alt=""
                  aria-hidden="true"
                  class="mx_BaseAvatar_image"
                  data-testid="avatar-img"
                  loading="lazy"
                  src="data:image/png;base64,00"
                  style="width: 32px; height: 32px;"
                />
              </span>
            </div>
            <div
              aria-expanded="false"
              aria-haspopup="true"
              aria-label="Space options"
              class="mx_AccessibleButton mx_SpaceButton_menuButton"
              role="button"
              tabindex="0"
            />
          </div>
        </div>
      </li>
      <li
        aria-selected="false"
        class="mx_SpaceItem mx_SpaceItem_narrow collapsed"
        data-rbd-draggable-context-id="0"
        data-rbd-draggable-id="!room3:server"
        role="treeitem"
      >
        <div
          aria-describedby="rbd-hidden-text-0-hidden-text-0"
          aria-label="Room 3"
          class="mx_AccessibleButton mx_SpaceButton mx_SpaceButton_narrow"
          data-rbd-drag-handle-context-id="0"
          data-rbd-drag-handle-draggable-id="!room3:server"
          draggable="false"
          role="button"
          tabindex="-1"
        >
          <div
            class="mx_SpaceButton_selectionWrapper"
          >
            <div
              class="mx_SpaceButton_avatarWrapper"
            >
              <span
                class="mx_BaseAvatar"
                role="presentation"
              >
                <span
                  aria-hidden="true"
                  class="mx_BaseAvatar_initial"
                  style="font-size: 20.8px; width: 32px; line-height: 32px;"
                >
                  R
                </span>
                <img
                  alt=""
                  aria-hidden="true"
                  class="mx_BaseAvatar_image"
                  data-testid="avatar-img"
                  loading="lazy"
                  src="data:image/png;base64,00"
                  style="width: 32px; height: 32px;"
                />
              </span>
            </div>
            <div
              aria-expanded="false"
              aria-haspopup="true"
              aria-label="Space options"
              class="mx_AccessibleButton mx_SpaceButton_menuButton"
              role="button"
              tabindex="0"
            />
          </div>
        </div>
      </li>
      <li
        aria-selected="false"
        class="mx_SpaceItem mx_SpaceItem_new collapsed"
        role="treeitem"
      >
        <div
          aria-label="Create a space"
          class="mx_AccessibleButton mx_SpaceButton mx_SpaceButton_new mx_SpaceButton_narrow"
          data-testid="create-space-button"
          role="button"
          tabindex="-1"
        >
          <div
            class="mx_SpaceButton_selectionWrapper"
          >
            <div
              class="mx_SpaceButton_avatarWrapper"
            >
              <div
                class="mx_SpaceButton_avatarPlaceholder"
              >
                <div
                  class="mx_SpaceButton_icon"
                />
              </div>
            </div>
          </div>
        </div>
      </li>
    </ul>
    <div
      aria-expanded="false"
      aria-label="Quick settings"
      class="mx_AccessibleButton mx_QuickSettingsButton"
      role="button"
      tabindex="0"
    />
  </div>
</DocumentFragment>
`;
