// Jest Snapshot v1, https://goo.gl/fbAQLP

exports[`<Notifications /> keywords adds a new keyword 1`] = `
<div>
  <div
    class="mx_UserNotifSettings"
  >
    <div
      class="mx_SettingsFlag"
      data-testid="notif-master-switch"
    >
      <span
        class="mx_SettingsFlag_label"
      >
        <div
          id="mx_LabelledToggleSwitch_testid_0"
        >
          Enable notifications for this account
        </div>
        <span
          class="mx_Caption"
          id="mx_LabelledToggleSwitch_testid_0_caption"
        >
          Turn off to disable notifications on all your devices and sessions
        </span>
      </span>
      <div
        aria-checked="true"
        aria-describedby="mx_LabelledToggleSwitch_testid_0_caption"
        aria-disabled="false"
        aria-labelledby="mx_LabelledToggleSwitch_testid_0"
        class="mx_AccessibleButton mx_ToggleSwitch mx_ToggleSwitch_on mx_ToggleSwitch_enabled"
        role="switch"
        tabindex="0"
      >
        <div
          class="mx_ToggleSwitch_ball"
        />
      </div>
    </div>
    <div
      class="mx_SettingsFlag"
      data-testid="notif-device-switch"
    >
      <span
        class="mx_SettingsFlag_label"
      >
        <div
          id="mx_LabelledToggleSwitch_testid_1"
        >
          Enable notifications for this device
        </div>
      </span>
      <div
        aria-checked="true"
        aria-disabled="false"
        aria-labelledby="mx_LabelledToggleSwitch_testid_1"
        class="mx_AccessibleButton mx_ToggleSwitch mx_ToggleSwitch_on mx_ToggleSwitch_enabled"
        role="switch"
        tabindex="0"
      >
        <div
          class="mx_ToggleSwitch_ball"
        />
      </div>
    </div>
    <div
      class="mx_SettingsFlag"
      data-testid="notif-setting-notificationsEnabled"
    >
      <span
        class="mx_SettingsFlag_label"
      >
        <div
          id="mx_LabelledToggleSwitch_testid_2"
        >
          Enable desktop notifications for this session
        </div>
      </span>
      <div
        aria-checked="false"
        aria-disabled="false"
        aria-labelledby="mx_LabelledToggleSwitch_testid_2"
        class="mx_AccessibleButton mx_ToggleSwitch mx_ToggleSwitch_enabled"
        role="switch"
        tabindex="0"
      >
        <div
          class="mx_ToggleSwitch_ball"
        />
      </div>
    </div>
    <div
      class="mx_SettingsFlag"
      data-testid="notif-setting-notificationBodyEnabled"
    >
      <span
        class="mx_SettingsFlag_label"
      >
        <div
          id="mx_LabelledToggleSwitch_testid_3"
        >
          Show message in desktop notification
        </div>
      </span>
      <div
        aria-checked="false"
        aria-disabled="false"
        aria-labelledby="mx_LabelledToggleSwitch_testid_3"
        class="mx_AccessibleButton mx_ToggleSwitch mx_ToggleSwitch_enabled"
        role="switch"
        tabindex="0"
      >
        <div
          class="mx_ToggleSwitch_ball"
        />
      </div>
    </div>
    <div
      class="mx_SettingsFlag"
      data-testid="notif-setting-audioNotificationsEnabled"
    >
      <span
        class="mx_SettingsFlag_label"
      >
        <div
          id="mx_LabelledToggleSwitch_testid_4"
        >
          Enable audible notifications for this session
        </div>
      </span>
      <div
        aria-checked="false"
        aria-disabled="false"
        aria-labelledby="mx_LabelledToggleSwitch_testid_4"
        class="mx_AccessibleButton mx_ToggleSwitch mx_ToggleSwitch_enabled"
        role="switch"
        tabindex="0"
      >
        <div
          class="mx_ToggleSwitch_ball"
        />
      </div>
    </div>
    <div
      class="mx_UserNotifSettings_grid"
      data-testid="notif-section-vector_global"
    >
      <span
        class="mx_UserNotifSettings_gridRowLabel mx_UserNotifSettings_gridRowHeading"
      >
        Global
      </span>
      <span
        class="mx_UserNotifSettings_gridColumnLabel"
      >
        Off
      </span>
      <span
        class="mx_UserNotifSettings_gridColumnLabel"
      >
        On
      </span>
      <span
        class="mx_UserNotifSettings_gridColumnLabel"
      >
        Noisy
      </span>
      <fieldset
        class="mx_UserNotifSettings_gridRowContainer"
        data-testid="vector_global.m.rule.room_one_to_one"
      >
        <legend
          class="mx_UserNotifSettings_gridRowLabel"
        >
          Messages in one-to-one chats
        </legend>
        <label
          class="mx_StyledRadioButton mx_StyledRadioButton_enabled"
        >
          <input
            aria-label="Off"
            name=".m.rule.room_one_to_one"
            type="radio"
          />
          <div>
            <div />
          </div>
          <div
            class="mx_StyledRadioButton_content"
          />
          <div
            class="mx_StyledRadioButton_spacer"
          />
        </label>
        <label
          class="mx_StyledRadioButton mx_StyledRadioButton_enabled mx_StyledRadioButton_checked"
        >
          <input
            aria-label="On"
            checked=""
            name=".m.rule.room_one_to_one"
            type="radio"
          />
          <div>
            <div />
          </div>
          <div
            class="mx_StyledRadioButton_content"
          />
          <div
            class="mx_StyledRadioButton_spacer"
          />
        </label>
        <label
          class="mx_StyledRadioButton mx_StyledRadioButton_enabled"
        >
          <input
            aria-label="Noisy"
            name=".m.rule.room_one_to_one"
            type="radio"
          />
          <div>
            <div />
          </div>
          <div
            class="mx_StyledRadioButton_content"
          />
          <div
            class="mx_StyledRadioButton_spacer"
          />
        </label>
      </fieldset>
      <fieldset
        class="mx_UserNotifSettings_gridRowContainer"
        data-testid="vector_global.m.rule.encrypted_room_one_to_one"
      >
        <legend
          class="mx_UserNotifSettings_gridRowLabel"
        >
          Encrypted messages in one-to-one chats
        </legend>
        <label
          class="mx_StyledRadioButton mx_StyledRadioButton_enabled"
        >
          <input
            aria-label="Off"
            name=".m.rule.encrypted_room_one_to_one"
            type="radio"
          />
          <div>
            <div />
          </div>
          <div
            class="mx_StyledRadioButton_content"
          />
          <div
            class="mx_StyledRadioButton_spacer"
          />
        </label>
        <label
          class="mx_StyledRadioButton mx_StyledRadioButton_enabled"
        >
          <input
            aria-label="On"
            name=".m.rule.encrypted_room_one_to_one"
            type="radio"
          />
          <div>
            <div />
          </div>
          <div
            class="mx_StyledRadioButton_content"
          />
          <div
            class="mx_StyledRadioButton_spacer"
          />
        </label>
        <label
          class="mx_StyledRadioButton mx_StyledRadioButton_enabled mx_StyledRadioButton_checked"
        >
          <input
            aria-label="Noisy"
            checked=""
            name=".m.rule.encrypted_room_one_to_one"
            type="radio"
          />
          <div>
            <div />
          </div>
          <div
            class="mx_StyledRadioButton_content"
          />
          <div
            class="mx_StyledRadioButton_spacer"
          />
        </label>
      </fieldset>
      <fieldset
        class="mx_UserNotifSettings_gridRowContainer"
        data-testid="vector_global.m.rule.message"
      >
        <legend
          class="mx_UserNotifSettings_gridRowLabel"
        >
          Messages in group chats
        </legend>
        <label
          class="mx_StyledRadioButton mx_StyledRadioButton_enabled"
        >
          <input
            aria-label="Off"
            name=".m.rule.message"
            type="radio"
          />
          <div>
            <div />
          </div>
          <div
            class="mx_StyledRadioButton_content"
          />
          <div
            class="mx_StyledRadioButton_spacer"
          />
        </label>
        <label
          class="mx_StyledRadioButton mx_StyledRadioButton_enabled"
        >
          <input
            aria-label="On"
            name=".m.rule.message"
            type="radio"
          />
          <div>
            <div />
          </div>
          <div
            class="mx_StyledRadioButton_content"
          />
          <div
            class="mx_StyledRadioButton_spacer"
          />
        </label>
        <label
          class="mx_StyledRadioButton mx_StyledRadioButton_enabled mx_StyledRadioButton_checked"
        >
          <input
            aria-label="Noisy"
            checked=""
            name=".m.rule.message"
            type="radio"
          />
          <div>
            <div />
          </div>
          <div
            class="mx_StyledRadioButton_content"
          />
          <div
            class="mx_StyledRadioButton_spacer"
          />
        </label>
      </fieldset>
      <fieldset
        class="mx_UserNotifSettings_gridRowContainer"
        data-testid="vector_global.m.rule.encrypted"
      >
        <legend
          class="mx_UserNotifSettings_gridRowLabel"
        >
          Encrypted messages in group chats
        </legend>
        <label
          class="mx_StyledRadioButton mx_StyledRadioButton_enabled mx_StyledRadioButton_checked"
        >
          <input
            aria-label="Off"
            checked=""
            name=".m.rule.encrypted"
            type="radio"
          />
          <div>
            <div />
          </div>
          <div
            class="mx_StyledRadioButton_content"
          />
          <div
            class="mx_StyledRadioButton_spacer"
          />
        </label>
        <label
          class="mx_StyledRadioButton mx_StyledRadioButton_enabled"
        >
          <input
            aria-label="On"
            name=".m.rule.encrypted"
            type="radio"
          />
          <div>
            <div />
          </div>
          <div
            class="mx_StyledRadioButton_content"
          />
          <div
            class="mx_StyledRadioButton_spacer"
          />
        </label>
        <label
          class="mx_StyledRadioButton mx_StyledRadioButton_enabled"
        >
          <input
            aria-label="Noisy"
            name=".m.rule.encrypted"
            type="radio"
          />
          <div>
            <div />
          </div>
          <div
            class="mx_StyledRadioButton_content"
          />
          <div
            class="mx_StyledRadioButton_spacer"
          />
        </label>
      </fieldset>
    </div>
    <div
      class="mx_UserNotifSettings_grid"
      data-testid="notif-section-vector_mentions"
    >
      <span
        class="mx_UserNotifSettings_gridRowLabel mx_UserNotifSettings_gridRowHeading"
      >
        Mentions & keywords
      </span>
      <span
        class="mx_UserNotifSettings_gridColumnLabel"
      >
        Off
      </span>
      <span
        class="mx_UserNotifSettings_gridColumnLabel"
      >
        On
      </span>
      <span
        class="mx_UserNotifSettings_gridColumnLabel"
      >
        Noisy
      </span>
      <fieldset
        class="mx_UserNotifSettings_gridRowContainer"
        data-testid="vector_mentions.m.rule.contains_display_name"
      >
        <legend
          class="mx_UserNotifSettings_gridRowLabel"
        >
          Messages containing my display name
        </legend>
        <label
          class="mx_StyledRadioButton mx_StyledRadioButton_enabled"
        >
          <input
            aria-label="Off"
            name=".m.rule.contains_display_name"
            type="radio"
          />
          <div>
            <div />
          </div>
          <div
            class="mx_StyledRadioButton_content"
          />
          <div
            class="mx_StyledRadioButton_spacer"
          />
        </label>
        <label
          class="mx_StyledRadioButton mx_StyledRadioButton_enabled"
        >
          <input
            aria-label="On"
            name=".m.rule.contains_display_name"
            type="radio"
          />
          <div>
            <div />
          </div>
          <div
            class="mx_StyledRadioButton_content"
          />
          <div
            class="mx_StyledRadioButton_spacer"
          />
        </label>
        <label
          class="mx_StyledRadioButton mx_StyledRadioButton_enabled mx_StyledRadioButton_checked"
        >
          <input
            aria-label="Noisy"
            checked=""
            name=".m.rule.contains_display_name"
            type="radio"
          />
          <div>
            <div />
          </div>
          <div
            class="mx_StyledRadioButton_content"
          />
          <div
            class="mx_StyledRadioButton_spacer"
          />
        </label>
      </fieldset>
      <fieldset
        class="mx_UserNotifSettings_gridRowContainer"
        data-testid="vector_mentions.m.rule.contains_user_name"
      >
        <legend
          class="mx_UserNotifSettings_gridRowLabel"
        >
          Messages containing my username
        </legend>
        <label
          class="mx_StyledRadioButton mx_StyledRadioButton_enabled"
        >
          <input
            aria-label="Off"
            name=".m.rule.contains_user_name"
            type="radio"
          />
          <div>
            <div />
          </div>
          <div
            class="mx_StyledRadioButton_content"
          />
          <div
            class="mx_StyledRadioButton_spacer"
          />
        </label>
        <label
          class="mx_StyledRadioButton mx_StyledRadioButton_enabled"
        >
          <input
            aria-label="On"
            name=".m.rule.contains_user_name"
            type="radio"
          />
          <div>
            <div />
          </div>
          <div
            class="mx_StyledRadioButton_content"
          />
          <div
            class="mx_StyledRadioButton_spacer"
          />
        </label>
        <label
          class="mx_StyledRadioButton mx_StyledRadioButton_enabled mx_StyledRadioButton_checked"
        >
          <input
            aria-label="Noisy"
            checked=""
            name=".m.rule.contains_user_name"
            type="radio"
          />
          <div>
            <div />
          </div>
          <div
            class="mx_StyledRadioButton_content"
          />
          <div
            class="mx_StyledRadioButton_spacer"
          />
        </label>
      </fieldset>
      <fieldset
        class="mx_UserNotifSettings_gridRowContainer"
        data-testid="vector_mentions.m.rule.roomnotif"
      >
        <legend
          class="mx_UserNotifSettings_gridRowLabel"
        >
          Messages containing @room
        </legend>
        <label
          class="mx_StyledRadioButton mx_StyledRadioButton_enabled"
        >
          <input
            aria-label="Off"
            name=".m.rule.roomnotif"
            type="radio"
          />
          <div>
            <div />
          </div>
          <div
            class="mx_StyledRadioButton_content"
          />
          <div
            class="mx_StyledRadioButton_spacer"
          />
        </label>
        <label
          class="mx_StyledRadioButton mx_StyledRadioButton_enabled"
        >
          <input
            aria-label="On"
            name=".m.rule.roomnotif"
            type="radio"
          />
          <div>
            <div />
          </div>
          <div
            class="mx_StyledRadioButton_content"
          />
          <div
            class="mx_StyledRadioButton_spacer"
          />
        </label>
        <label
          class="mx_StyledRadioButton mx_StyledRadioButton_enabled mx_StyledRadioButton_checked"
        >
          <input
            aria-label="Noisy"
            checked=""
            name=".m.rule.roomnotif"
            type="radio"
          />
          <div>
            <div />
          </div>
          <div
            class="mx_StyledRadioButton_content"
          />
          <div
            class="mx_StyledRadioButton_spacer"
          />
        </label>
      </fieldset>
      <fieldset
        class="mx_UserNotifSettings_gridRowContainer"
        data-testid="vector_mentions_keywords"
      >
        <legend
          class="mx_UserNotifSettings_gridRowLabel"
        >
          Messages containing keywords
        </legend>
        <label
          class="mx_StyledRadioButton mx_StyledRadioButton_enabled"
        >
          <input
            aria-label="Off"
            name="_keywords"
            type="radio"
          />
          <div>
            <div />
          </div>
          <div
            class="mx_StyledRadioButton_content"
          />
          <div
            class="mx_StyledRadioButton_spacer"
          />
        </label>
        <label
          class="mx_StyledRadioButton mx_StyledRadioButton_enabled mx_StyledRadioButton_checked"
        >
          <input
            aria-label="On"
            checked=""
            name="_keywords"
            type="radio"
          />
          <div>
            <div />
          </div>
          <div
            class="mx_StyledRadioButton_content"
          />
          <div
            class="mx_StyledRadioButton_spacer"
          />
        </label>
        <label
          class="mx_StyledRadioButton mx_StyledRadioButton_enabled"
        >
          <input
            aria-label="Noisy"
            name="_keywords"
            type="radio"
          />
          <div>
            <div />
          </div>
          <div
            class="mx_StyledRadioButton_content"
          />
          <div
            class="mx_StyledRadioButton_spacer"
          />
        </label>
      </fieldset>
    </div>
    <div
      class="mx_TagComposer"
    >
      <form
        class="mx_TagComposer_input"
      >
        <div
          class="mx_Field mx_Field_input"
        >
          <input
            autocomplete="off"
            id="mx_Field_22"
            label="Keyword"
            placeholder="New keyword"
            type="text"
            value=""
          />
          <label
            for="mx_Field_22"
          >
            Keyword
          </label>
        </div>
        <div
          class="mx_AccessibleButton mx_AccessibleButton_hasKind mx_AccessibleButton_kind_primary"
          role="button"
          tabindex="0"
        >
          Add
        </div>
      </form>
      <div
        class="mx_TagComposer_tags"
      >
        <div
          class="mx_Tag"
        >
          banana
          <div
            class="mx_AccessibleButton mx_Tag_delete"
            role="button"
            tabindex="0"
          >
            <div />
          </div>
        </div>
      </div>
    </div>
    <div
      class="mx_UserNotifSettings_grid"
      data-testid="notif-section-vector_other"
    >
      <span
        class="mx_UserNotifSettings_gridRowLabel mx_UserNotifSettings_gridRowHeading"
      >
        Other
      </span>
      <span
        class="mx_UserNotifSettings_gridColumnLabel"
      >
        Off
      </span>
      <span
        class="mx_UserNotifSettings_gridColumnLabel"
      >
        On
      </span>
      <span
        class="mx_UserNotifSettings_gridColumnLabel"
      >
        Noisy
      </span>
      <fieldset
        class="mx_UserNotifSettings_gridRowContainer"
        data-testid="vector_other.m.rule.invite_for_me"
      >
        <legend
          class="mx_UserNotifSettings_gridRowLabel"
        >
          When I'm invited to a room
        </legend>
        <label
          class="mx_StyledRadioButton mx_StyledRadioButton_enabled"
        >
          <input
            aria-label="Off"
            name=".m.rule.invite_for_me"
            type="radio"
          />
          <div>
            <div />
          </div>
          <div
            class="mx_StyledRadioButton_content"
          />
          <div
            class="mx_StyledRadioButton_spacer"
          />
        </label>
        <label
          class="mx_StyledRadioButton mx_StyledRadioButton_enabled"
        >
          <input
            aria-label="On"
            name=".m.rule.invite_for_me"
            type="radio"
          />
          <div>
            <div />
          </div>
          <div
            class="mx_StyledRadioButton_content"
          />
          <div
            class="mx_StyledRadioButton_spacer"
          />
        </label>
        <label
          class="mx_StyledRadioButton mx_StyledRadioButton_enabled mx_StyledRadioButton_checked"
        >
          <input
            aria-label="Noisy"
            checked=""
            name=".m.rule.invite_for_me"
            type="radio"
          />
          <div>
            <div />
          </div>
          <div
            class="mx_StyledRadioButton_content"
          />
          <div
            class="mx_StyledRadioButton_spacer"
          />
        </label>
      </fieldset>
      <fieldset
        class="mx_UserNotifSettings_gridRowContainer"
        data-testid="vector_other.m.rule.call"
      >
        <legend
          class="mx_UserNotifSettings_gridRowLabel"
        >
          Call invitation
        </legend>
        <label
          class="mx_StyledRadioButton mx_StyledRadioButton_enabled"
        >
          <input
            aria-label="Off"
            name=".m.rule.call"
            type="radio"
          />
          <div>
            <div />
          </div>
          <div
            class="mx_StyledRadioButton_content"
          />
          <div
            class="mx_StyledRadioButton_spacer"
          />
        </label>
        <label
          class="mx_StyledRadioButton mx_StyledRadioButton_enabled"
        >
          <input
            aria-label="On"
            name=".m.rule.call"
            type="radio"
          />
          <div>
            <div />
          </div>
          <div
            class="mx_StyledRadioButton_content"
          />
          <div
            class="mx_StyledRadioButton_spacer"
          />
        </label>
        <label
          class="mx_StyledRadioButton mx_StyledRadioButton_enabled mx_StyledRadioButton_checked"
        >
          <input
            aria-label="Noisy"
            checked=""
            name=".m.rule.call"
            type="radio"
          />
          <div>
            <div />
          </div>
          <div
            class="mx_StyledRadioButton_content"
          />
          <div
            class="mx_StyledRadioButton_spacer"
          />
        </label>
      </fieldset>
      <fieldset
        class="mx_UserNotifSettings_gridRowContainer"
        data-testid="vector_other.m.rule.suppress_notices"
      >
        <legend
          class="mx_UserNotifSettings_gridRowLabel"
        >
          Messages sent by bot
        </legend>
        <label
          class="mx_StyledRadioButton mx_StyledRadioButton_enabled mx_StyledRadioButton_checked"
        >
          <input
            aria-label="Off"
            checked=""
            name=".m.rule.suppress_notices"
            type="radio"
          />
          <div>
            <div />
          </div>
          <div
            class="mx_StyledRadioButton_content"
          />
          <div
            class="mx_StyledRadioButton_spacer"
          />
        </label>
        <label
          class="mx_StyledRadioButton mx_StyledRadioButton_enabled"
        >
          <input
            aria-label="On"
            name=".m.rule.suppress_notices"
            type="radio"
          />
          <div>
            <div />
          </div>
          <div
            class="mx_StyledRadioButton_content"
          />
          <div
            class="mx_StyledRadioButton_spacer"
          />
        </label>
        <label
          class="mx_StyledRadioButton mx_StyledRadioButton_enabled"
        >
          <input
            aria-label="Noisy"
            name=".m.rule.suppress_notices"
            type="radio"
          />
          <div>
            <div />
          </div>
          <div
            class="mx_StyledRadioButton_content"
          />
          <div
            class="mx_StyledRadioButton_spacer"
          />
        </label>
      </fieldset>
      <fieldset
        class="mx_UserNotifSettings_gridRowContainer"
        data-testid="vector_other.m.rule.tombstone"
      >
        <legend
          class="mx_UserNotifSettings_gridRowLabel"
        >
          When rooms are upgraded
        </legend>
        <label
          class="mx_StyledRadioButton mx_StyledRadioButton_enabled"
        >
          <input
            aria-label="Off"
            name=".m.rule.tombstone"
            type="radio"
          />
          <div>
            <div />
          </div>
          <div
            class="mx_StyledRadioButton_content"
          />
          <div
            class="mx_StyledRadioButton_spacer"
          />
        </label>
        <label
          class="mx_StyledRadioButton mx_StyledRadioButton_enabled"
        >
          <input
            aria-label="On"
            name=".m.rule.tombstone"
            type="radio"
          />
          <div>
            <div />
          </div>
          <div
            class="mx_StyledRadioButton_content"
          />
          <div
            class="mx_StyledRadioButton_spacer"
          />
        </label>
        <label
          class="mx_StyledRadioButton mx_StyledRadioButton_enabled mx_StyledRadioButton_checked"
        >
          <input
            aria-label="Noisy"
            checked=""
            name=".m.rule.tombstone"
            type="radio"
          />
          <div>
            <div />
          </div>
          <div
            class="mx_StyledRadioButton_content"
          />
          <div
            class="mx_StyledRadioButton_spacer"
          />
        </label>
      </fieldset>
    </div>
  </div>
</div>
`;

exports[`<Notifications /> main notification switches renders only enable notifications switch when notifications are disabled 1`] = `
<div>
  <div
    class="mx_UserNotifSettings"
  >
    <div
      class="mx_SettingsFlag"
      data-testid="notif-master-switch"
    >
      <span
        class="mx_SettingsFlag_label"
      >
        <div
          id="mx_LabelledToggleSwitch_testid_0"
        >
          Enable notifications for this account
        </div>
        <span
          class="mx_Caption"
          id="mx_LabelledToggleSwitch_testid_0_caption"
        >
          Turn off to disable notifications on all your devices and sessions
        </span>
      </span>
      <div
        aria-checked="false"
        aria-describedby="mx_LabelledToggleSwitch_testid_0_caption"
        aria-disabled="false"
        aria-labelledby="mx_LabelledToggleSwitch_testid_0"
        class="mx_AccessibleButton mx_ToggleSwitch mx_ToggleSwitch_enabled"
        role="switch"
        tabindex="0"
      >
        <div
          class="mx_ToggleSwitch_ball"
        />
      </div>
    </div>
  </div>
</div>
`;
