// Jest Snapshot v1, https://goo.gl/fbAQLP

exports[`ThemeChoicePanel renders the theme choice UI 1`] = `
<DocumentFragment>
  <div
    class="mx_SettingsSubsection mx_SettingsSubsection_newUi"
  >
    <div
      class="mx_SettingsSubsectionHeading"
    >
      <h3
        class="mx_Heading_h3 mx_SettingsSubsectionHeading_heading"
      >
        Theme
      </h3>
    </div>
    <div
      class="mx_SettingsSubsection_content mx_SettingsSubsection_content_newUi"
    >
      <form
        class="_root_578ve_24 mx_ThemeChoicePanel_ThemeSelectors"
      >
        <div
          class="_inline-field_578ve_40 mx_ThemeChoicePanel_themeSelector mx_ThemeChoicePanel_themeSelector_disabled cpd-theme-light"
        >
          <div
            class="_inline-field-control_578ve_52"
          >
            <div
              class="_container_bdln6_18"
            >
              <input
                class="_input_bdln6_26"
                disabled=""
                id="radix-0"
                name="themeSelector"
                title=""
                type="radio"
                value="light"
              />
              <div
                class="_ui_bdln6_27"
              />
            </div>
          </div>
          <div
            class="_inline-field-body_578ve_46"
          >
            <label
              class="_label_578ve_67 mx_ThemeChoicePanel_themeSelector_Label"
              for="radix-0"
            >
              Light
            </label>
          </div>
        </div>
        <div
          class="_inline-field_578ve_40 mx_ThemeChoicePanel_themeSelector mx_ThemeChoicePanel_themeSelector_disabled cpd-theme-dark"
        >
          <div
            class="_inline-field-control_578ve_52"
          >
            <div
              class="_container_bdln6_18"
            >
              <input
                class="_input_bdln6_26"
                disabled=""
                id="radix-1"
                name="themeSelector"
                title=""
                type="radio"
                value="dark"
              />
              <div
                class="_ui_bdln6_27"
              />
            </div>
          </div>
          <div
            class="_inline-field-body_578ve_46"
          >
            <label
              class="_label_578ve_67 mx_ThemeChoicePanel_themeSelector_Label"
              for="radix-1"
            >
              Dark
            </label>
          </div>
        </div>
        <div
          class="_inline-field_578ve_40 mx_ThemeChoicePanel_themeSelector mx_ThemeChoicePanel_themeSelector_disabled cpd-theme-light"
        >
          <div
            class="_inline-field-control_578ve_52"
          >
            <div
              class="_container_bdln6_18"
            >
              <input
                class="_input_bdln6_26"
                disabled=""
                id="radix-2"
                name="themeSelector"
                title=""
                type="radio"
                value="light-high-contrast"
              />
              <div
                class="_ui_bdln6_27"
              />
            </div>
          </div>
          <div
            class="_inline-field-body_578ve_46"
          >
            <label
              class="_label_578ve_67 mx_ThemeChoicePanel_themeSelector_Label"
              for="radix-2"
            >
              High contrast
            </label>
          </div>
        </div>
      </form>
    </div>
    <div
      class="_separator_144s5_17"
      data-kind="primary"
      data-orientation="horizontal"
      role="separator"
    />
  </div>
</DocumentFragment>
`;
