// Jest Snapshot v1, https://goo.gl/fbAQLP

exports[`FormattingButtons renders in german 1`] = `
<DocumentFragment>
  <div
    class="mx_FormattingButtons"
  >
    <button
      class="mx_AccessibleButton mx_FormattingButtons_Button mx_FormattingButtons_Button_hover"
      data-state="closed"
      data-testid="Fett"
      role="button"
      tabindex="0"
    >
      <div
        class="mx_FormattingButtons_Icon"
      />
    </button>
    <button
      class="mx_AccessibleButton mx_FormattingButtons_Button mx_FormattingButtons_Button_hover"
      data-state="closed"
      data-testid="Kursiv"
      role="button"
      tabindex="0"
    >
      <div
        class="mx_FormattingButtons_Icon"
      />
    </button>
    <button
      class="mx_AccessibleButton mx_FormattingButtons_Button mx_FormattingButtons_Button_hover"
      data-state="closed"
      data-testid="Unterstrichen"
      role="button"
      tabindex="0"
    >
      <div
        class="mx_FormattingButtons_Icon"
      />
    </button>
    <button
      class="mx_AccessibleButton mx_FormattingButtons_Button mx_FormattingButtons_Button_hover"
      data-state="closed"
      data-testid="Durchgestrichen"
      role="button"
      tabindex="0"
    >
      <div
        class="mx_FormattingButtons_Icon"
      />
    </button>
    <button
      class="mx_AccessibleButton mx_FormattingButtons_Button mx_FormattingButtons_Button_hover"
      data-state="closed"
      data-testid="Ungeordnete Liste"
      role="button"
      tabindex="0"
    >
      <div
        class="mx_FormattingButtons_Icon"
      />
    </button>
    <button
      class="mx_AccessibleButton mx_FormattingButtons_Button mx_FormattingButtons_Button_hover"
      data-state="closed"
      data-testid="Nummerierte Liste"
      role="button"
      tabindex="0"
    >
      <div
        class="mx_FormattingButtons_Icon"
      />
    </button>
    <button
      class="mx_AccessibleButton mx_FormattingButtons_Button mx_FormattingButtons_Button_hover"
      data-state="closed"
      data-testid="Zitieren"
      role="button"
      tabindex="0"
    >
      <div
        class="mx_FormattingButtons_Icon"
      />
    </button>
    <button
      class="mx_AccessibleButton mx_FormattingButtons_Button mx_FormattingButtons_Button_hover"
      data-state="closed"
      data-testid="Code"
      role="button"
      tabindex="0"
    >
      <div
        class="mx_FormattingButtons_Icon"
      />
    </button>
    <button
      class="mx_AccessibleButton mx_FormattingButtons_Button mx_FormattingButtons_Button_hover"
      data-state="closed"
      data-testid="Quelltextblock"
      role="button"
      tabindex="0"
    >
      <div
        class="mx_FormattingButtons_Icon"
      />
    </button>
    <button
      class="mx_AccessibleButton mx_FormattingButtons_Button mx_FormattingButtons_Button_hover"
      data-state="closed"
      data-testid="Link"
      role="button"
      tabindex="0"
    >
      <div
        class="mx_FormattingButtons_Icon"
      />
    </button>
  </div>
</DocumentFragment>
`;
