// Jest Snapshot v1, https://goo.gl/fbAQLP

exports[`EventTileThreadToolbar renders 1`] = `
<DocumentFragment>
  <div
    aria-label="Message Actions"
    aria-live="off"
    class="mx_MessageActionBar"
    role="toolbar"
  >
    <div
      class="mx_AccessibleButton mx_MessageActionBar_iconButton"
      data-state="closed"
      data-testid="View in room"
      role="button"
      tabindex="0"
    >
      <div />
    </div>
    <div
      class="mx_AccessibleButton mx_MessageActionBar_iconButton"
      data-state="closed"
      data-testid="Copy link to thread"
      role="button"
      tabindex="-1"
    >
      <div />
    </div>
  </div>
</DocumentFragment>
`;
